[debug] [2026-10-03T16:14:05.200Z] : 
[debug] [2026-10-03T16:14:05.202Z] : ----------------------------------------------------------------------
[debug] [2026-10-03T16:14:05.202Z] : Command:      C:\Program Files\nodejs\node.exe C:\Users\Lenovo\AppData\Roaming\npm\node_modules\zcatalyst-cli\lib\bin\catalyst.js serve
[debug] [2026-10-03T16:14:05.203Z] : CLI Version:  1.28.0
[debug] [2026-10-03T16:14:05.203Z] : Platform:     win32
[debug] [2026-10-03T16:14:05.203Z] : Node Version: v22.13.0
[debug] [2026-10-03T16:14:05.203Z] : Time:         Sat Oct 03 2026 21:44:05 GMT+0530 (India Standard Time)
[debug] [2026-10-03T16:14:05.203Z] : ----------------------------------------------------------------------
[debug] [2026-10-03T16:14:05.203Z] : 
[debug] [2026-10-03T16:14:07.048Z] : > authorizing via signed-in user option
[debug] [2026-10-03T16:14:07.049Z] : > command requires scopes: ["ZohoCatalyst.projects.ALL","ZohoCatalyst.apigateway.apis.READ","ZohoCatalyst.apigateway.READ","ZohoCatalyst.segments.ALL","ZohoCatalyst.cache.READ","ZohoCatalyst.cache.CREATE","ZohoCatalyst.cache.DELETE","ZohoCatalyst.projects.ALL","ZohoCatalyst.cron.ALL","ZohoCatalyst.zcql.CREATE","ZohoCatalyst.projects.users.READ","ZohoCatalyst.projects.users.CREATE","ZohoCatalyst.projects.users.DELETE","ZohoCatalyst.projects.users.UPDATE","ZohoCatalyst.authentication.CREATE","ZohoCatalyst.email.CREATE","ZohoCatalyst.tables.ALL","ZohoCatalyst.tables.rows.ALL","ZohoCatalyst.tables.columns.ALL","ZohoCatalyst.tables.bulk.CREATE","ZohoCatalyst.tables.bulk.READ","ZohoCatalyst.folders.ALL","ZohoCatalyst.files.CREATE","ZohoCatalyst.files.READ","ZohoCatalyst.files.DELETE","ZohoCatalyst.functions.ALL","ZohoCatalyst.functions.EXECUTE","ZohoCatalyst.eventlistners.ALL","ZohoCatalyst.eventlisteners.produce","ZohoCatalyst.security.rules.Read","ZohoCatalyst.security.rules.Update","ZohoCatalyst.notifications.mobile","ZohoCatalyst.notifications.web","ZohoCatalyst.search.READ","ZohoCatalyst.mlkit.READ","QuickML.deployment.READ","ZohoCatalyst.pdfshot.execute","ZohoCatalyst.grid.READ","ZohoCatalyst.grid.terminate","ZohoCatalyst.circuits.execution.DELETE","ZohoCatalyst.circuits.execution.READ","ZohoCatalyst.circuits.execute","ZohoCatalyst.appsail.Read","ZohoCatalyst.jobpool.READ","ZohoCatalyst.job.ALL","ZohoCatalyst.nosql.READ","ZohoCatalyst.nosql.rows.ALL"]
[debug] [2026-10-03T16:14:07.272Z] : >>>> HTTP REQUEST : GET https://api.catalyst.zoho.in/baas/v1/project/72862000000013049 

[debug] [2026-10-03T16:14:07.517Z] : <<<< HTTP RESPONSE : 200
Response Headers: {"server":"ZGS","date":"Sat, 03 Oct 2026 16:14:09 GMT","content-type":"application/vnd.catalyst.v2+json","transfer-encoding":"chunked","connection":"keep-alive","x-content-type-options":"nosniff","cache-control":"private,no-cache,no-store,max-age=0,must-revalidate","pragma":"no-cache","expires":"Thu, 01 Jan 1970 00:00:00 GMT","x-frame-options":"DENY","strict-transport-security":"max-age=64072000; includeSubDomains; preload"}

[debug] [2026-10-03T16:14:07.532Z] : >>>> HTTP REQUEST : GET https://api.catalyst.zoho.in/baas/v1/project/72862000000013049/environment 

[debug] [2026-10-03T16:14:07.598Z] : <<<< HTTP RESPONSE : 200
Response Headers: {"server":"ZGS","date":"Sat, 03 Oct 2026 16:14:09 GMT","content-type":"application/vnd.catalyst.v2+json","transfer-encoding":"chunked","connection":"keep-alive","x-content-type-options":"nosniff","cache-control":"private,no-cache,no-store,max-age=0,must-revalidate","pragma":"no-cache","expires":"Thu, 01 Jan 1970 00:00:00 GMT","x-frame-options":"DENY","strict-transport-security":"max-age=64072000; includeSubDomains; preload"}

[debug] [2026-10-03T16:14:09.073Z] : >>>> HTTP REQUEST : GET https://api.catalyst.zoho.in/baas/get-details 
Query params: {"feature_name":"runtime"}

[debug] [2026-10-03T16:14:09.127Z] : <<<< HTTP RESPONSE : 200
Response Headers: {"server":"ZGS","date":"Sat, 03 Oct 2026 16:14:10 GMT","content-type":"application/vnd.catalyst.v2+json","transfer-encoding":"chunked","connection":"keep-alive","x-content-type-options":"nosniff","cache-control":"private,no-cache,no-store,max-age=0,must-revalidate","pragma":"no-cache","expires":"Thu, 01 Jan 1970 00:00:00 GMT","x-frame-options":"DENY","strict-transport-security":"max-age=64072000; includeSubDomains; preload"}

[debug] [2026-10-03T16:14:09.177Z] : >>>> HTTP REQUEST : GET https://api.catalyst.zoho.in/baas/v1/project/72862000000013049/function 
Query params: {"type":"basicio,event,cron,applogic,integration,browser_logic,job"}

[debug] [2026-10-03T16:14:09.243Z] : <<<< HTTP RESPONSE : 200
Response Headers: {"server":"ZGS","date":"Sat, 03 Oct 2026 16:14:11 GMT","content-type":"application/vnd.catalyst.v2+json","transfer-encoding":"chunked","connection":"keep-alive","x-content-type-options":"nosniff","cache-control":"private,no-cache,no-store,max-age=0,must-revalidate","pragma":"no-cache","expires":"Thu, 01 Jan 1970 00:00:00 GMT","x-frame-options":"DENY","strict-transport-security":"max-age=64072000; includeSubDomains; preload"}

[debug] [2026-10-03T16:14:09.254Z] : unknown eol undefined hence skipping check
[info] [2026-10-03T16:14:09.746Z] : i Compiling C:\Users\Lenovo\Desktop\trip\deployment\functions\sample\Sample.java
[warn] [2026-10-03T16:14:12.275Z] : ‼ skipping serve of AppSail [tripmaxweb] since Unable to detect the java version for stack: java17
[warn] [2026-10-03T16:14:12.275Z] : ‼ AppSail: No targets are ready to be served in local
[debug] [2026-10-03T16:14:12.439Z] : No API Gateway configuration found. Skipping API Gateway rules
[info] [2026-10-03T16:14:12.447Z] : 
[info] [2026-10-03T16:14:12.447Z] :  >>>>>>>>>>>>> Advanced I/O <<<<<<<<<<< 
[info] [2026-10-03T16:14:12.448Z] : i sample: http://localhost:3000/server/sample/
[info] [2026-10-03T16:14:12.449Z] : 
[info] [2026-10-03T16:14:47.193Z] : [1791044087192]  "GET"  "/server/sample/"
[info] [2026-10-03T16:14:47.391Z] : [1791044087390]  "GET"  "/favicon.ico"
[info] [2026-10-03T16:14:54.944Z] : [1791044094943]  "GET"  "/server/sample"
